Archive member included because of file (symbol)

C:\marmalade\7.5\s3e\edk\lib\android/libedk.a(IwDebug.o)
                              debug\s3eKochava_platform.os (IwDebugTraceIsChannelOn)
C:\marmalade\7.5\s3e\edk\lib\android/libedk.a(edk_helpers.o)
                              debug\s3eKochava_platform.os (s3eEdkThreadRunOnOS)
c:/software/android-ndk-r10d/toolchains/arm-linux-androideabi-4.8/prebuilt/windows/bin/../lib/gcc/arm-linux-androideabi/4.8/libgcc.a(_aeabi_ldivmod.o)
                              C:\marmalade\7.5\s3e\edk\lib\android/libedk.a(IwDebug.o) (__aeabi_ldivmod)
c:/software/android-ndk-r10d/toolchains/arm-linux-androideabi-4.8/prebuilt/windows/bin/../lib/gcc/arm-linux-androideabi/4.8/libgcc.a(_dvmd_lnx.o)
                              c:/software/android-ndk-r10d/toolchains/arm-linux-androideabi-4.8/prebuilt/windows/bin/../lib/gcc/arm-linux-androideabi/4.8/libgcc.a(_aeabi_ldivmod.o) (__aeabi_ldiv0)
c:/software/android-ndk-r10d/toolchains/arm-linux-androideabi-4.8/prebuilt/windows/bin/../lib/gcc/arm-linux-androideabi/4.8/libgcc.a(bpabi.o)
                              c:/software/android-ndk-r10d/toolchains/arm-linux-androideabi-4.8/prebuilt/windows/bin/../lib/gcc/arm-linux-androideabi/4.8/libgcc.a(_aeabi_ldivmod.o) (__gnu_ldivmod_helper)
c:/software/android-ndk-r10d/toolchains/arm-linux-androideabi-4.8/prebuilt/windows/bin/../lib/gcc/arm-linux-androideabi/4.8/libgcc.a(unwind-arm.o)
                              c:/software/android-ndk-r10d/toolchains/arm-linux-androideabi-4.8/prebuilt/windows/bin/../lib/gcc/arm-linux-androideabi/4.8/libgcc.a(bpabi.o) (__aeabi_unwind_cpp_pr0)
c:/software/android-ndk-r10d/toolchains/arm-linux-androideabi-4.8/prebuilt/windows/bin/../lib/gcc/arm-linux-androideabi/4.8/libgcc.a(libunwind.o)
                              c:/software/android-ndk-r10d/toolchains/arm-linux-androideabi-4.8/prebuilt/windows/bin/../lib/gcc/arm-linux-androideabi/4.8/libgcc.a(unwind-arm.o) (restore_core_regs)
c:/software/android-ndk-r10d/toolchains/arm-linux-androideabi-4.8/prebuilt/windows/bin/../lib/gcc/arm-linux-androideabi/4.8/libgcc.a(pr-support.o)
                              c:/software/android-ndk-r10d/toolchains/arm-linux-androideabi-4.8/prebuilt/windows/bin/../lib/gcc/arm-linux-androideabi/4.8/libgcc.a(unwind-arm.o) (__gnu_unwind_execute)
c:/software/android-ndk-r10d/toolchains/arm-linux-androideabi-4.8/prebuilt/windows/bin/../lib/gcc/arm-linux-androideabi/4.8/libgcc.a(_divdi3.o)
                              c:/software/android-ndk-r10d/toolchains/arm-linux-androideabi-4.8/prebuilt/windows/bin/../lib/gcc/arm-linux-androideabi/4.8/libgcc.a(bpabi.o) (__divdi3)
c:/software/android-ndk-r10d/toolchains/arm-linux-androideabi-4.8/prebuilt/windows/bin/../lib/gcc/arm-linux-androideabi/4.8/libgcc.a(_udivdi3.o)
                              c:/software/android-ndk-r10d/toolchains/arm-linux-androideabi-4.8/prebuilt/windows/bin/../lib/gcc/arm-linux-androideabi/4.8/libgcc.a(bpabi.o) (__udivdi3)
c:/software/android-ndk-r10d/toolchains/arm-linux-androideabi-4.8/prebuilt/windows/bin/../lib/gcc/arm-linux-androideabi/4.8/libgcc.a(_udivsi3.o)
                              c:/software/android-ndk-r10d/toolchains/arm-linux-androideabi-4.8/prebuilt/windows/bin/../lib/gcc/arm-linux-androideabi/4.8/libgcc.a(_divdi3.o) (__aeabi_uidiv)

Discarded input sections

 .text          0x00000000       0x34 C:/software/android-ndk-r10d/platforms/android-14/arch-arm/usr/lib/crtbegin_so.o
 .bss           0x00000000        0x0 C:/software/android-ndk-r10d/platforms/android-14/arch-arm/usr/lib/crtbegin_so.o
 .note.GNU-stack
                0x00000000        0x0 C:/software/android-ndk-r10d/platforms/android-14/arch-arm/usr/lib/crtbegin_so.o
 .group         0x00000000        0x8 debug\s3eKochava_platform.os
 .group         0x00000000        0x8 debug\s3eKochava_platform.os
 .group         0x00000000        0x8 debug\s3eKochava_platform.os
 .group         0x00000000        0x8 debug\s3eKochava_platform.os
 .group         0x00000000        0x8 debug\s3eKochava_platform.os
 .group         0x00000000        0x8 debug\s3eKochava_platform.os
 .group         0x00000000        0x8 debug\s3eKochava_platform.os
 .group         0x00000000        0x8 debug\s3eKochava_platform.os
 .group         0x00000000        0x8 debug\s3eKochava_platform.os
 .group         0x00000000        0x8 debug\s3eKochava_platform.os
 .group         0x00000000        0x8 debug\s3eKochava_platform.os
 .group         0x00000000        0x8 debug\s3eKochava_platform.os
 .text          0x00000000        0x0 debug\s3eKochava_platform.os
 .data          0x00000000        0x0 debug\s3eKochava_platform.os
 .note.GNU-stack
                0x00000000        0x0 debug\s3eKochava_platform.os
 .text          0x00000000        0x0 debug\s3eKochava.os
 .data          0x00000000        0x0 debug\s3eKochava.os
 .bss           0x00000000        0x0 debug\s3eKochava.os
 .note.GNU-stack
                0x00000000        0x0 debug\s3eKochava.os
 .text          0x00000000        0x0 debug\s3eKochava_register.os
 .data          0x00000000        0x0 debug\s3eKochava_register.os
 .bss           0x00000000        0x0 debug\s3eKochava_register.os
 .note.GNU-stack
                0x00000000        0x0 debug\s3eKochava_register.os
 .text          0x00000000        0x0 C:\marmalade\7.5\s3e\edk\lib\android/libedk.a(IwDebug.o)
 .data          0x00000000        0x0 C:\marmalade\7.5\s3e\edk\lib\android/libedk.a(IwDebug.o)
 .text.IwDebugClearConfigCache
                0x00000000       0x80 C:\marmalade\7.5\s3e\edk\lib\android/libedk.a(IwDebug.o)
 .text.IwDebugAssertIsChannelOn
                0x00000000      0x1ec C:\marmalade\7.5\s3e\edk\lib\android/libedk.a(IwDebug.o)
 .text.IwDebugAssertShow
                0x00000000      0x2e8 C:\marmalade\7.5\s3e\edk\lib\android/libedk.a(IwDebug.o)
 .text.IwDebugAssertSetSolution
                0x00000000       0xb4 C:\marmalade\7.5\s3e\edk\lib\android/libedk.a(IwDebug.o)
 .text.IwDebugAssertSetMessage
                0x00000000       0xfc C:\marmalade\7.5\s3e\edk\lib\android/libedk.a(IwDebug.o)
 .text.IwAssertRegisterTextCallback
                0x00000000       0x1c C:\marmalade\7.5\s3e\edk\lib\android/libedk.a(IwDebug.o)
 .text.IwAssertRegisterCallback
                0x00000000       0x1c C:\marmalade\7.5\s3e\edk\lib\android/libedk.a(IwDebug.o)
 .text.IwDebugTraceDisable
                0x00000000       0x10 C:\marmalade\7.5\s3e\edk\lib\android/libedk.a(IwDebug.o)
 .text.IwDebugTraceChannelSwitch
                0x00000000      0x1e4 C:\marmalade\7.5\s3e\edk\lib\android/libedk.a(IwDebug.o)
 .text.IwDebugErrorRegisterCallback
                0x00000000       0x1c C:\marmalade\7.5\s3e\edk\lib\android/libedk.a(IwDebug.o)
 .text.IwDebugErrorShow
                0x00000000      0x108 C:\marmalade\7.5\s3e\edk\lib\android/libedk.a(IwDebug.o)
 .text.IwDebugAssertSetUID
                0x00000000       0x14 C:\marmalade\7.5\s3e\edk\lib\android/libedk.a(IwDebug.o)
 .note.GNU-stack
                0x00000000        0x0 C:\marmalade\7.5\s3e\edk\lib\android/libedk.a(IwDebug.o)
 .text          0x00000000        0x0 C:\marmalade\7.5\s3e\edk\lib\android/libedk.a(edk_helpers.o)
 .data          0x00000000        0x0 C:\marmalade\7.5\s3e\edk\lib\android/libedk.a(edk_helpers.o)
 .bss           0x00000000        0x0 C:\marmalade\7.5\s3e\edk\lib\android/libedk.a(edk_helpers.o)
 .text.s3eEdkErrorSetString
                0x00000000       0x30 C:\marmalade\7.5\s3e\edk\lib\android/libedk.a(edk_helpers.o)
 .text.s3eEdkThreadRunOnOSAsync
                0x00000000       0x30 C:\marmalade\7.5\s3e\edk\lib\android/libedk.a(edk_helpers.o)
 .note.GNU-stack
                0x00000000        0x0 C:\marmalade\7.5\s3e\edk\lib\android/libedk.a(edk_helpers.o)
 .data          0x00000000        0x0 c:/software/android-ndk-r10d/toolchains/arm-linux-androideabi-4.8/prebuilt/windows/bin/../lib/gcc/arm-linux-androideabi/4.8/libgcc.a(_aeabi_ldivmod.o)
 .bss           0x00000000        0x0 c:/software/android-ndk-r10d/toolchains/arm-linux-androideabi-4.8/prebuilt/windows/bin/../lib/gcc/arm-linux-androideabi/4.8/libgcc.a(_aeabi_ldivmod.o)
 .note.GNU-stack
                0x00000000        0x0 c:/software/android-ndk-r10d/toolchains/arm-linux-androideabi-4.8/prebuilt/windows/bin/../lib/gcc/arm-linux-androideabi/4.8/libgcc.a(_aeabi_ldivmod.o)
 .data          0x00000000        0x0 c:/software/android-ndk-r10d/toolchains/arm-linux-androideabi-4.8/prebuilt/windows/bin/../lib/gcc/arm-linux-androideabi/4.8/libgcc.a(_dvmd_lnx.o)
 .bss           0x00000000        0x0 c:/software/android-ndk-r10d/toolchains/arm-linux-androideabi-4.8/prebuilt/windows/bin/../lib/gcc/arm-linux-androideabi/4.8/libgcc.a(_dvmd_lnx.o)
 .note.GNU-stack
                0x00000000        0x0 c:/software/android-ndk-r10d/toolchains/arm-linux-androideabi-4.8/prebuilt/windows/bin/../lib/gcc/arm-linux-androideabi/4.8/libgcc.a(_dvmd_lnx.o)
 .data          0x00000000        0x0 c:/software/android-ndk-r10d/toolchains/arm-linux-androideabi-4.8/prebuilt/windows/bin/../lib/gcc/arm-linux-androideabi/4.8/libgcc.a(bpabi.o)
 .bss           0x00000000        0x0 c:/software/android-ndk-r10d/toolchains/arm-linux-androideabi-4.8/prebuilt/windows/bin/../lib/gcc/arm-linux-androideabi/4.8/libgcc.a(bpabi.o)
 .ARM.extab     0x00000000        0x0 c:/software/android-ndk-r10d/toolchains/arm-linux-androideabi-4.8/prebuilt/windows/bin/../lib/gcc/arm-linux-androideabi/4.8/libgcc.a(bpabi.o)
 .note.GNU-stack
                0x00000000        0x0 c:/software/android-ndk-r10d/toolchains/arm-linux-androideabi-4.8/prebuilt/windows/bin/../lib/gcc/arm-linux-androideabi/4.8/libgcc.a(bpabi.o)
 .data          0x00000000        0x0 c:/software/android-ndk-r10d/toolchains/arm-linux-androideabi-4.8/prebuilt/windows/bin/../lib/gcc/arm-linux-androideabi/4.8/libgcc.a(unwind-arm.o)
 .bss           0x00000000        0x0 c:/software/android-ndk-r10d/toolchains/arm-linux-androideabi-4.8/prebuilt/windows/bin/../lib/gcc/arm-linux-androideabi/4.8/libgcc.a(unwind-arm.o)
 .note.GNU-stack
                0x00000000        0x0 c:/software/android-ndk-r10d/toolchains/arm-linux-androideabi-4.8/prebuilt/windows/bin/../lib/gcc/arm-linux-androideabi/4.8/libgcc.a(unwind-arm.o)
 .data          0x00000000        0x0 c:/software/android-ndk-r10d/toolchains/arm-linux-androideabi-4.8/prebuilt/windows/bin/../lib/gcc/arm-linux-androideabi/4.8/libgcc.a(libunwind.o)
 .bss           0x00000000        0x0 c:/software/android-ndk-r10d/toolchains/arm-linux-androideabi-4.8/prebuilt/windows/bin/../lib/gcc/arm-linux-androideabi/4.8/libgcc.a(libunwind.o)
 .note.GNU-stack
                0x00000000        0x0 c:/software/android-ndk-r10d/toolchains/arm-linux-androideabi-4.8/prebuilt/windows/bin/../lib/gcc/arm-linux-androideabi/4.8/libgcc.a(libunwind.o)
 .data          0x00000000        0x0 c:/software/android-ndk-r10d/toolchains/arm-linux-androideabi-4.8/prebuilt/windows/bin/../lib/gcc/arm-linux-androideabi/4.8/libgcc.a(pr-support.o)
 .bss           0x00000000        0x0 c:/software/android-ndk-r10d/toolchains/arm-linux-androideabi-4.8/prebuilt/windows/bin/../lib/gcc/arm-linux-androideabi/4.8/libgcc.a(pr-support.o)
 .note.GNU-stack
                0x00000000        0x0 c:/software/android-ndk-r10d/toolchains/arm-linux-androideabi-4.8/prebuilt/windows/bin/../lib/gcc/arm-linux-androideabi/4.8/libgcc.a(pr-support.o)
 .data          0x00000000        0x0 c:/software/android-ndk-r10d/toolchains/arm-linux-androideabi-4.8/prebuilt/windows/bin/../lib/gcc/arm-linux-androideabi/4.8/libgcc.a(_divdi3.o)
 .bss           0x00000000        0x0 c:/software/android-ndk-r10d/toolchains/arm-linux-androideabi-4.8/prebuilt/windows/bin/../lib/gcc/arm-linux-androideabi/4.8/libgcc.a(_divdi3.o)
 .ARM.extab     0x00000000        0x0 c:/software/android-ndk-r10d/toolchains/arm-linux-androideabi-4.8/prebuilt/windows/bin/../lib/gcc/arm-linux-androideabi/4.8/libgcc.a(_divdi3.o)
 .note.GNU-stack
                0x00000000        0x0 c:/software/android-ndk-r10d/toolchains/arm-linux-androideabi-4.8/prebuilt/windows/bin/../lib/gcc/arm-linux-androideabi/4.8/libgcc.a(_divdi3.o)
 .data          0x00000000        0x0 c:/software/android-ndk-r10d/toolchains/arm-linux-androideabi-4.8/prebuilt/windows/bin/../lib/gcc/arm-linux-androideabi/4.8/libgcc.a(_udivdi3.o)
 .bss           0x00000000        0x0 c:/software/android-ndk-r10d/toolchains/arm-linux-androideabi-4.8/prebuilt/windows/bin/../lib/gcc/arm-linux-androideabi/4.8/libgcc.a(_udivdi3.o)
 .ARM.extab     0x00000000        0x0 c:/software/android-ndk-r10d/toolchains/arm-linux-androideabi-4.8/prebuilt/windows/bin/../lib/gcc/arm-linux-androideabi/4.8/libgcc.a(_udivdi3.o)
 .note.GNU-stack
                0x00000000        0x0 c:/software/android-ndk-r10d/toolchains/arm-linux-androideabi-4.8/prebuilt/windows/bin/../lib/gcc/arm-linux-androideabi/4.8/libgcc.a(_udivdi3.o)
 .data          0x00000000        0x0 c:/software/android-ndk-r10d/toolchains/arm-linux-androideabi-4.8/prebuilt/windows/bin/../lib/gcc/arm-linux-androideabi/4.8/libgcc.a(_udivsi3.o)
 .bss           0x00000000        0x0 c:/software/android-ndk-r10d/toolchains/arm-linux-androideabi-4.8/prebuilt/windows/bin/../lib/gcc/arm-linux-androideabi/4.8/libgcc.a(_udivsi3.o)
 .note.GNU-stack
                0x00000000        0x0 c:/software/android-ndk-r10d/toolchains/arm-linux-androideabi-4.8/prebuilt/windows/bin/../lib/gcc/arm-linux-androideabi/4.8/libgcc.a(_udivsi3.o)
 .text          0x00000000        0x0 C:/software/android-ndk-r10d/platforms/android-14/arch-arm/usr/lib/crtend_so.o
 .data          0x00000000        0x0 C:/software/android-ndk-r10d/platforms/android-14/arch-arm/usr/lib/crtend_so.o
 .bss           0x00000000        0x0 C:/software/android-ndk-r10d/platforms/android-14/arch-arm/usr/lib/crtend_so.o
 .note.GNU-stack
                0x00000000        0x0 C:/software/android-ndk-r10d/platforms/android-14/arch-arm/usr/lib/crtend_so.o

Memory map

 ** file header
                0x00000000       0x34
 ** segment headers
                0x00000034      0x100

.interp         0x00000134       0x13
 ** fill        0x00000134       0x13

.dynsym         0x00000148      0x580
 ** dynsym      0x00000148      0x580

.dynstr         0x000006c8      0x678
 ** string table
                0x000006c8      0x678

.hash           0x00000d40      0x274
 ** hash        0x00000d40      0x274

.rel.dyn        0x00000fb4       0x88
 ** dynamic relocs
                0x00000fb4       0x88

.rel.plt        0x0000103c       0xa0
 ** dynamic relocs
                0x0000103c       0xa0

.plt            0x000010dc      0x104
 ** PLT         0x000010dc      0x104

.text           0x000011e0     0x3430
 .text.exit     0x000011e0       0x10 C:/software/android-ndk-r10d/platforms/android-14/arch-arm/usr/lib/crtbegin_so.o
                0x000011e0                __on_dlclose
 .text.startup._GLOBAL__sub_I_IwDebug.cpp
                0x000011f0       0x88 C:\marmalade\7.5\s3e\edk\lib\android/libedk.a(IwDebug.o)
 .text._ZN7_JNIEnv9FindClassEPKc
                0x00001278       0x38 debug\s3eKochava_platform.os
                0x00001278                _JNIEnv::FindClass(char const*)
 .text._ZN7_JNIEnv17ExceptionOccurredEv
                0x000012b0       0x30 debug\s3eKochava_platform.os
                0x000012b0                _JNIEnv::ExceptionOccurred()
 .text._ZN7_JNIEnv17ExceptionDescribeEv
                0x000012e0       0x28 debug\s3eKochava_platform.os
                0x000012e0                _JNIEnv::ExceptionDescribe()
 .text._ZN7_JNIEnv14ExceptionClearEv
                0x00001308       0x28 debug\s3eKochava_platform.os
                0x00001308                _JNIEnv::ExceptionClear()
 .text._ZN7_JNIEnv12NewGlobalRefEP8_jobject
                0x00001330       0x38 debug\s3eKochava_platform.os
                0x00001330                _JNIEnv::NewGlobalRef(_jobject*)
 .text._ZN7_JNIEnv15DeleteGlobalRefEP8_jobject
                0x00001368       0x30 debug\s3eKochava_platform.os
                0x00001368                _JNIEnv::DeleteGlobalRef(_jobject*)
 .text._ZN7_JNIEnv14DeleteLocalRefEP8_jobject
                0x00001398       0x30 debug\s3eKochava_platform.os
                0x00001398                _JNIEnv::DeleteLocalRef(_jobject*)
 .text._ZN7_JNIEnv9NewObjectEP7_jclassP10_jmethodIDz
                0x000013c8       0x58 debug\s3eKochava_platform.os
                0x000013c8                _JNIEnv::NewObject(_jclass*, _jmethodID*, ...)
 .text._ZN7_JNIEnv11GetMethodIDEP7_jclassPKcS3_
                0x00001420       0x48 debug\s3eKochava_platform.os
                0x00001420                _JNIEnv::GetMethodID(_jclass*, char const*, char const*)
 .text._ZN7_JNIEnv14CallVoidMethodEP8_jobjectP10_jmethodIDz
                0x00001468       0x4c debug\s3eKochava_platform.os
                0x00001468                _JNIEnv::CallVoidMethod(_jobject*, _jmethodID*, ...)
 .text._ZN7_JNIEnv12NewStringUTFEPKc
                0x000014b4       0x38 debug\s3eKochava_platform.os
                0x000014b4                _JNIEnv::NewStringUTF(char const*)
 .text._ZN7_JavaVM6GetEnvEPPvi
                0x000014ec       0x40 debug\s3eKochava_platform.os
                0x000014ec                _JavaVM::GetEnv(void**, int)
 .text._ZL15s3eEdkJNIGetEnvv
                0x0000152c       0x40 debug\s3eKochava_platform.os
 .text._ZL27s3eEdkAndroidFindClass_realPKc
                0x0000156c       0x8c debug\s3eKochava_platform.os
 .text._ZL22s3eEdkAndroidFindClassPKc
                0x000015f8       0x38 debug\s3eKochava_platform.os
 .text._Z23s3eKochavaInit_platformv
                0x00001630      0x400 debug\s3eKochava_platform.os
                0x00001630                s3eKochavaInit_platform()
 .text._Z28s3eKochavaTerminate_platformv
                0x00001a30       0x48 debug\s3eKochava_platform.os
                0x00001a30                s3eKochavaTerminate_platform()
 .text._Z25s3eKochavaCreate_platformPKc
                0x00001a78       0x60 debug\s3eKochava_platform.os
                0x00001a78                s3eKochavaCreate_platform(char const*)
 .text._Z24s3eKochavaEvent_platformPKcS0_
                0x00001ad8       0x7c debug\s3eKochava_platform.os
                0x00001ad8                s3eKochavaEvent_platform(char const*, char const*)
 .text._Z31s3eKochavaEventSpatial_platformPKciiiS0_
                0x00001b54       0x9c debug\s3eKochava_platform.os
                0x00001b54                s3eKochavaEventSpatial_platform(char const*, int, int, int, char const*)
 .text._Z32s3eKochavaDeepLinkEvent_platformPKc
                0x00001bf0       0x60 debug\s3eKochava_platform.os
                0x00001bf0                s3eKochavaDeepLinkEvent_platform(char const*)
 .text._Z30s3eKochavaEnableDebug_platformb
                0x00001c50       0x4c debug\s3eKochava_platform.os
                0x00001c50                s3eKochavaEnableDebug_platform(bool)
 .text._Z32s3eKochavaSetErrorDebug_platformb
                0x00001c9c       0x4c debug\s3eKochava_platform.os
                0x00001c9c                s3eKochavaSetErrorDebug_platform(bool)
 .text._Z14s3eKochavaInitv
                0x00001ce8       0x14 debug\s3eKochava.os
                0x00001ce8                s3eKochavaInit()
 .text._Z19s3eKochavaTerminatev
                0x00001cfc        0xc debug\s3eKochava.os
                0x00001cfc                s3eKochavaTerminate()
 .text.s3eKochavaCreate
                0x00001d08       0x1c debug\s3eKochava.os
                0x00001d08                s3eKochavaCreate
 .text.s3eKochavaEvent
                0x00001d24       0x24 debug\s3eKochava.os
                0x00001d24                s3eKochavaEvent
 .text.s3eKochavaEventSpatial
                0x00001d48       0x3c debug\s3eKochava.os
                0x00001d48                s3eKochavaEventSpatial
 .text.s3eKochavaDeepLinkEvent
                0x00001d84       0x1c debug\s3eKochava.os
                0x00001d84                s3eKochavaDeepLinkEvent
 .text.s3eKochavaEnableDebug
                0x00001da0       0x24 debug\s3eKochava.os
                0x00001da0                s3eKochavaEnableDebug
 .text.s3eKochavaSetErrorDebug
                0x00001dc4       0x24 debug\s3eKochava.os
                0x00001dc4                s3eKochavaSetErrorDebug
 .text._ZL21s3eKochavaCreate_wrapPKc
                0x00001de8       0x98 debug\s3eKochava_register.os
 .text._ZL20s3eKochavaEvent_wrapPKcS0_
                0x00001e80       0xa0 debug\s3eKochava_register.os
 .text._ZL27s3eKochavaEventSpatial_wrapPKciiiS0_
                0x00001f20       0xc0 debug\s3eKochava_register.os
 .text._ZL28s3eKochavaDeepLinkEvent_wrapPKc
                0x00001fe0       0x98 debug\s3eKochava_register.os
 .text._ZL26s3eKochavaEnableDebug_wrapb
                0x00002078       0xa0 debug\s3eKochava_register.os
 .text._ZL28s3eKochavaSetErrorDebug_wrapb
                0x00002118       0xa0 debug\s3eKochava_register.os
 .text._Z21s3eKochavaRegisterExtv
                0x000021b8      0x110 debug\s3eKochava_register.os
                0x000021b8                s3eKochavaRegisterExt()
 .text.RegisterExt
                0x000022c8        0xc debug\s3eKochava_register.os
                0x000022c8                RegisterExt
 .text.IwDebugTraceIsChannelOn
                0x000022d4      0x27c C:\marmalade\7.5\s3e\edk\lib\android/libedk.a(IwDebug.o)
                0x000022d4                IwDebugTraceIsChannelOn
 .text.IwDebugTraceSetTraceChannel
                0x00002550       0x1c C:\marmalade\7.5\s3e\edk\lib\android/libedk.a(IwDebug.o)
                0x00002550                IwDebugTraceSetTraceChannel
 .text.IwDebugTraceLineVPrintf
                0x0000256c       0xfc C:\marmalade\7.5\s3e\edk\lib\android/libedk.a(IwDebug.o)
                0x0000256c                IwDebugTraceLineVPrintf
 .text.IwDebugTraceLinePrintf
                0x00002668       0x30 C:\marmalade\7.5\s3e\edk\lib\android/libedk.a(IwDebug.o)
                0x00002668                IwDebugTraceLinePrintf
 .text.s3eEdkThreadRunOnOS
                0x00002698       0x30 C:\marmalade\7.5\s3e\edk\lib\android/libedk.a(edk_helpers.o)
                0x00002698                s3eEdkThreadRunOnOS
 .text          0x000026c8       0x44 c:/software/android-ndk-r10d/toolchains/arm-linux-androideabi-4.8/prebuilt/windows/bin/../lib/gcc/arm-linux-androideabi/4.8/libgcc.a(_aeabi_ldivmod.o)
                0x000026c8                __aeabi_ldivmod
 .text          0x0000270c       0x10 c:/software/android-ndk-r10d/toolchains/arm-linux-androideabi-4.8/prebuilt/windows/bin/../lib/gcc/arm-linux-androideabi/4.8/libgcc.a(_dvmd_lnx.o)
                0x0000270c                __aeabi_idiv0
                0x0000270c                __aeabi_ldiv0
 .text          0x0000271c       0x78 c:/software/android-ndk-r10d/toolchains/arm-linux-androideabi-4.8/prebuilt/windows/bin/../lib/gcc/arm-linux-androideabi/4.8/libgcc.a(bpabi.o)
                0x0000271c                __gnu_ldivmod_helper
                0x00002758                __gnu_uldivmod_helper
 .text          0x00002794      0xeec c:/software/android-ndk-r10d/toolchains/arm-linux-androideabi-4.8/prebuilt/windows/bin/../lib/gcc/arm-linux-androideabi/4.8/libgcc.a(unwind-arm.o)
                0x00003310                __aeabi_unwind_cpp_pr0
                0x00003318                __aeabi_unwind_cpp_pr1
                0x00003320                __aeabi_unwind_cpp_pr2
                0x00002bcc                _Unwind_GetCFA
                0x00002bd4                __gnu_Unwind_RaiseException
                0x00002c78                __gnu_Unwind_ForcedUnwind
                0x00002c94                __gnu_Unwind_Resume
                0x00002d08                __gnu_Unwind_Resume_or_Rethrow
                0x00002d28                _Unwind_Complete
                0x00002d2c                _Unwind_DeleteException
                0x00002d4c                _Unwind_VRS_Get
                0x00002dd0                _Unwind_VRS_Set
                0x00002e58                __gnu_Unwind_Backtrace
                0x00003328                _Unwind_VRS_Pop
 .text          0x00003680      0x1a8 c:/software/android-ndk-r10d/toolchains/arm-linux-androideabi-4.8/prebuilt/windows/bin/../lib/gcc/arm-linux-androideabi/4.8/libgcc.a(libunwind.o)
                0x00003680                __restore_core_regs
                0x00003680                restore_core_regs
                0x00003694                __gnu_Unwind_Restore_VFP
                0x0000369c                __gnu_Unwind_Save_VFP
                0x000036a4                __gnu_Unwind_Restore_VFP_D
                0x000036ac                __gnu_Unwind_Save_VFP_D
                0x000036b4                __gnu_Unwind_Restore_VFP_D_16_to_31
                0x000036bc                __gnu_Unwind_Save_VFP_D_16_to_31
                0x000036c4                __gnu_Unwind_Restore_WMMXD
                0x00003708                __gnu_Unwind_Save_WMMXD
                0x0000374c                __gnu_Unwind_Restore_WMMXC
                0x00003760                __gnu_Unwind_Save_WMMXC
                0x00003774                ___Unwind_RaiseException
                0x00003774                _Unwind_RaiseException
                0x00003798                ___Unwind_Resume
                0x00003798                _Unwind_Resume
                0x000037bc                ___Unwind_Resume_or_Rethrow
                0x000037bc                _Unwind_Resume_or_Rethrow
                0x000037e0                ___Unwind_ForcedUnwind
                0x000037e0                _Unwind_ForcedUnwind
                0x00003804                ___Unwind_Backtrace
                0x00003804                _Unwind_Backtrace
 .text          0x00003828      0x484 c:/software/android-ndk-r10d/toolchains/arm-linux-androideabi-4.8/prebuilt/windows/bin/../lib/gcc/arm-linux-androideabi/4.8/libgcc.a(pr-support.o)
                0x000038b4                __gnu_unwind_execute
                0x00003c30                __gnu_unwind_frame
                0x00003c70                _Unwind_GetRegionStart
                0x00003c80                _Unwind_GetLanguageSpecificData
                0x00003c9c                _Unwind_GetDataRelBase
                0x00003ca4                _Unwind_GetTextRelBase
 .text          0x00003cac      0x498 c:/software/android-ndk-r10d/toolchains/arm-linux-androideabi-4.8/prebuilt/windows/bin/../lib/gcc/arm-linux-androideabi/4.8/libgcc.a(_divdi3.o)
                0x00003cac                __divdi3
 .text          0x00004144      0x404 c:/software/android-ndk-r10d/toolchains/arm-linux-androideabi-4.8/prebuilt/windows/bin/../lib/gcc/arm-linux-androideabi/4.8/libgcc.a(_udivdi3.o)
                0x00004144                __udivdi3
 .text          0xffffffffffffffff       0xc8 c:/software/android-ndk-r10d/toolchains/arm-linux-androideabi-4.8/prebuilt/windows/bin/../lib/gcc/arm-linux-androideabi/4.8/libgcc.a(_udivsi3.o)
                0x00004548                __udivsi3
                0x00004548                __aeabi_uidiv
                0x000045f0                __aeabi_uidivmod

.rodata         0x00004610      0x406
 .rodata        0x00004610      0x15c debug\s3eKochava_platform.os
 .rodata        0x0000476c      0x190 debug\s3eKochava_register.os
 ** merge strings
                0x000048fc      0x11a

.ARM.extab      0x00004a18       0x48
 .ARM.extab     0x00004a18        0xc c:/software/android-ndk-r10d/toolchains/arm-linux-androideabi-4.8/prebuilt/windows/bin/../lib/gcc/arm-linux-androideabi/4.8/libgcc.a(_dvmd_lnx.o)
 .ARM.extab     0x00004a24        0xc c:/software/android-ndk-r10d/toolchains/arm-linux-androideabi-4.8/prebuilt/windows/bin/../lib/gcc/arm-linux-androideabi/4.8/libgcc.a(unwind-arm.o)
 .ARM.extab     0x00004a30       0x30 c:/software/android-ndk-r10d/toolchains/arm-linux-androideabi-4.8/prebuilt/windows/bin/../lib/gcc/arm-linux-androideabi/4.8/libgcc.a(pr-support.o)

.ARM.exidx      0x00004a60      0x128
 .ARM.exidx     0x00004a60        0x8 c:/software/android-ndk-r10d/toolchains/arm-linux-androideabi-4.8/prebuilt/windows/bin/../lib/gcc/arm-linux-androideabi/4.8/libgcc.a(_dvmd_lnx.o)
 .ARM.exidx     0xffffffffffffffff       0x10 c:/software/android-ndk-r10d/toolchains/arm-linux-androideabi-4.8/prebuilt/windows/bin/../lib/gcc/arm-linux-androideabi/4.8/libgcc.a(bpabi.o)
 .ARM.exidx     0xffffffffffffffff       0xd8 c:/software/android-ndk-r10d/toolchains/arm-linux-androideabi-4.8/prebuilt/windows/bin/../lib/gcc/arm-linux-androideabi/4.8/libgcc.a(unwind-arm.o)
 ** ARM cantunwind
                0x00004b20        0x8
 .ARM.exidx     0x00004b28       0x48 c:/software/android-ndk-r10d/toolchains/arm-linux-androideabi-4.8/prebuilt/windows/bin/../lib/gcc/arm-linux-androideabi/4.8/libgcc.a(pr-support.o)
 .ARM.exidx     0x00004b70        0x8 c:/software/android-ndk-r10d/toolchains/arm-linux-androideabi-4.8/prebuilt/windows/bin/../lib/gcc/arm-linux-androideabi/4.8/libgcc.a(_divdi3.o)
 .ARM.exidx     0x00004b78        0x8 c:/software/android-ndk-r10d/toolchains/arm-linux-androideabi-4.8/prebuilt/windows/bin/../lib/gcc/arm-linux-androideabi/4.8/libgcc.a(_udivdi3.o)
 ** ARM cantunwind
                0x00004b80        0x8

.fini_array     0x00005e78        0x8
 .fini_array    0x00005e78        0x4 C:/software/android-ndk-r10d/platforms/android-14/arch-arm/usr/lib/crtbegin_so.o
 .fini_array    0x00005e7c        0x4 C:/software/android-ndk-r10d/platforms/android-14/arch-arm/usr/lib/crtend_so.o

.init_array     0x00005e80        0x8
 .init_array    0x00005e80        0x4 C:\marmalade\7.5\s3e\edk\lib\android/libedk.a(IwDebug.o)
 .init_array    0x00005e84        0x4 C:/software/android-ndk-r10d/platforms/android-14/arch-arm/usr/lib/crtend_so.o

.dynamic        0x00005e88       0xe0
 ** dynamic     0x00005e88       0xe0

.got            0x00005f68       0x98
 ** GOT         0x00005f68       0x3c
 ** GOT PLT     0x00005fa4       0x5c

.data           0x00006000        0x4
 .data          0x00006000        0x4 C:/software/android-ndk-r10d/platforms/android-14/arch-arm/usr/lib/crtbegin_so.o
                0x00006000                __dso_handle

.bss            0x00006004     0x1a44
 .bss           0x00006004       0x1c debug\s3eKochava_platform.os
 .bss           0x00006020     0x1a28 C:\marmalade\7.5\s3e\edk\lib\android/libedk.a(IwDebug.o)
                0x00006020                g_DebugGlobals
