Archive member included because of file (symbol)

C:\marmalade\7.5\s3e\edk\lib\android/libedk.a(edk_helpers.o)
                              release\s3eKochava_platform.os (s3eEdkThreadRunOnOS)

Discarded input sections

 .text          0x00000000       0x34 C:/software/android-ndk-r10d/platforms/android-14/arch-arm/usr/lib/crtbegin_so.o
 .bss           0x00000000        0x0 C:/software/android-ndk-r10d/platforms/android-14/arch-arm/usr/lib/crtbegin_so.o
 .note.GNU-stack
                0x00000000        0x0 C:/software/android-ndk-r10d/platforms/android-14/arch-arm/usr/lib/crtbegin_so.o
 .group         0x00000000        0x8 release\s3eKochava_platform.os
 .group         0x00000000        0x8 release\s3eKochava_platform.os
 .text          0x00000000        0x0 release\s3eKochava_platform.os
 .data          0x00000000        0x0 release\s3eKochava_platform.os
 .note.GNU-stack
                0x00000000        0x0 release\s3eKochava_platform.os
 .text          0x00000000        0x0 release\s3eKochava.os
 .data          0x00000000        0x0 release\s3eKochava.os
 .bss           0x00000000        0x0 release\s3eKochava.os
 .note.GNU-stack
                0x00000000        0x0 release\s3eKochava.os
 .text          0x00000000        0x0 release\s3eKochava_register.os
 .data          0x00000000        0x0 release\s3eKochava_register.os
 .bss           0x00000000        0x0 release\s3eKochava_register.os
 .text._Z21s3eKochavaRegisterExtv
                0x00000000       0xc4 release\s3eKochava_register.os
 .note.GNU-stack
                0x00000000        0x0 release\s3eKochava_register.os
 .text          0x00000000        0x0 C:\marmalade\7.5\s3e\edk\lib\android/libedk.a(edk_helpers.o)
 .data          0x00000000        0x0 C:\marmalade\7.5\s3e\edk\lib\android/libedk.a(edk_helpers.o)
 .bss           0x00000000        0x0 C:\marmalade\7.5\s3e\edk\lib\android/libedk.a(edk_helpers.o)
 .text.s3eEdkErrorSetString
                0x00000000       0x30 C:\marmalade\7.5\s3e\edk\lib\android/libedk.a(edk_helpers.o)
 .text.s3eEdkThreadRunOnOSAsync
                0x00000000       0x30 C:\marmalade\7.5\s3e\edk\lib\android/libedk.a(edk_helpers.o)
 .note.GNU-stack
                0x00000000        0x0 C:\marmalade\7.5\s3e\edk\lib\android/libedk.a(edk_helpers.o)
 .text          0x00000000        0x0 C:/software/android-ndk-r10d/platforms/android-14/arch-arm/usr/lib/crtend_so.o
 .data          0x00000000        0x0 C:/software/android-ndk-r10d/platforms/android-14/arch-arm/usr/lib/crtend_so.o
 .bss           0x00000000        0x0 C:/software/android-ndk-r10d/platforms/android-14/arch-arm/usr/lib/crtend_so.o
 .note.GNU-stack
                0x00000000        0x0 C:/software/android-ndk-r10d/platforms/android-14/arch-arm/usr/lib/crtend_so.o

Memory map

 ** file header
                0x00000000       0x34
 ** segment headers
                0x00000034       0xe0

.interp         0x00000114       0x13
 ** fill        0x00000114       0x13

.dynsym         0x00000128       0xc0
 ** dynsym      0x00000128       0xc0

.dynstr         0x000001e8       0xea
 ** string table
                0x000001e8       0xea

.hash           0x000002d4       0x44
 ** hash        0x000002d4       0x44

.rel.dyn        0x00000318       0x48
 ** dynamic relocs
                0x00000318       0x48

.rel.plt        0x00000360       0x20
 ** dynamic relocs
                0x00000360       0x20

.plt            0x00000380       0x44
 ** PLT         0x00000380       0x44

.text           0x000003c4      0x8cc
 .text.exit     0x000003c4       0x10 C:/software/android-ndk-r10d/platforms/android-14/arch-arm/usr/lib/crtbegin_so.o
                0x000003c4                __on_dlclose
 .text._ZL27s3eEdkAndroidFindClass_realPKc
                0x000003d4       0xb8 release\s3eKochava_platform.os
 .text._ZN7_JNIEnv9NewObjectEP7_jclassP10_jmethodIDz
                0x0000048c       0x38 release\s3eKochava_platform.os
                0x0000048c                _JNIEnv::NewObject(_jclass*, _jmethodID*, ...)
 .text._ZN7_JNIEnv14CallVoidMethodEP8_jobjectP10_jmethodIDz
                0x000004c4       0x38 release\s3eKochava_platform.os
                0x000004c4                _JNIEnv::CallVoidMethod(_jobject*, _jmethodID*, ...)
 .text._Z23s3eKochavaInit_platformv
                0x000004fc      0x2ac release\s3eKochava_platform.os
                0x000004fc                s3eKochavaInit_platform()
 .text._Z28s3eKochavaTerminate_platformv
                0x000007a8       0x58 release\s3eKochava_platform.os
                0x000007a8                s3eKochavaTerminate_platform()
 .text._Z25s3eKochavaCreate_platformPKc
                0x00000800       0x70 release\s3eKochava_platform.os
                0x00000800                s3eKochavaCreate_platform(char const*)
 .text._Z24s3eKochavaEvent_platformPKcS0_
                0x00000870       0x90 release\s3eKochava_platform.os
                0x00000870                s3eKochavaEvent_platform(char const*, char const*)
 .text._Z31s3eKochavaEventSpatial_platformPKciiiS0_
                0x00000900       0xa4 release\s3eKochava_platform.os
                0x00000900                s3eKochavaEventSpatial_platform(char const*, int, int, int, char const*)
 .text._Z32s3eKochavaDeepLinkEvent_platformPKc
                0x000009a4       0x70 release\s3eKochava_platform.os
                0x000009a4                s3eKochavaDeepLinkEvent_platform(char const*)
 .text._Z30s3eKochavaEnableDebug_platformb
                0x00000a14       0x58 release\s3eKochava_platform.os
                0x00000a14                s3eKochavaEnableDebug_platform(bool)
 .text._Z32s3eKochavaSetErrorDebug_platformb
                0x00000a6c       0x58 release\s3eKochava_platform.os
                0x00000a6c                s3eKochavaSetErrorDebug_platform(bool)
 .text._Z14s3eKochavaInitv
                0x00000ac4        0x4 release\s3eKochava.os
                0x00000ac4                s3eKochavaInit()
 .text._Z19s3eKochavaTerminatev
                0x00000ac8        0x4 release\s3eKochava.os
                0x00000ac8                s3eKochavaTerminate()
 .text.s3eKochavaCreate
                0x00000acc        0x4 release\s3eKochava.os
                0x00000acc                s3eKochavaCreate
 .text.s3eKochavaEvent
                0x00000ad0        0x4 release\s3eKochava.os
                0x00000ad0                s3eKochavaEvent
 .text.s3eKochavaEventSpatial
                0x00000ad4        0x4 release\s3eKochava.os
                0x00000ad4                s3eKochavaEventSpatial
 .text.s3eKochavaDeepLinkEvent
                0x00000ad8        0x4 release\s3eKochava.os
                0x00000ad8                s3eKochavaDeepLinkEvent
 .text.s3eKochavaEnableDebug
                0x00000adc        0x4 release\s3eKochava.os
                0x00000adc                s3eKochavaEnableDebug
 .text.s3eKochavaSetErrorDebug
                0x00000ae0        0x4 release\s3eKochava.os
                0x00000ae0                s3eKochavaSetErrorDebug
 .text._ZL28s3eKochavaSetErrorDebug_wrapb
                0x00000ae4       0x18 release\s3eKochava_register.os
 .text._ZL26s3eKochavaEnableDebug_wrapb
                0x00000afc       0x18 release\s3eKochava_register.os
 .text._ZL28s3eKochavaDeepLinkEvent_wrapPKc
                0x00000b14       0x18 release\s3eKochava_register.os
 .text._ZL27s3eKochavaEventSpatial_wrapPKciiiS0_
                0x00000b2c       0x3c release\s3eKochava_register.os
 .text._ZL20s3eKochavaEvent_wrapPKcS0_
                0x00000b68       0x1c release\s3eKochava_register.os
 .text._ZL21s3eKochavaCreate_wrapPKc
                0x00000b84       0x18 release\s3eKochava_register.os
 .text.RegisterExt
                0x00000b9c       0xc4 release\s3eKochava_register.os
                0x00000b9c                RegisterExt
 .text.s3eEdkThreadRunOnOS
                0xffffffffffffffff       0x30 C:\marmalade\7.5\s3e\edk\lib\android/libedk.a(edk_helpers.o)
                0x00000c60                s3eEdkThreadRunOnOS

.rodata         0x00000c90      0x110
 ** merge strings
                0x00000c90      0x110

.fini_array     0x00001ed8        0x8
 .fini_array    0x00001ed8        0x4 C:/software/android-ndk-r10d/platforms/android-14/arch-arm/usr/lib/crtbegin_so.o
 .fini_array    0x00001edc        0x4 C:/software/android-ndk-r10d/platforms/android-14/arch-arm/usr/lib/crtend_so.o

.init_array     0x00001ee0        0x4
 .init_array    0x00001ee0        0x4 C:/software/android-ndk-r10d/platforms/android-14/arch-arm/usr/lib/crtend_so.o

.dynamic        0x00001ee4       0xe0
 ** dynamic     0x00001ee4       0xe0

.got            0x00001fc4       0x3c
 ** GOT         0x00001fc4       0x20
 ** GOT PLT     0x00001fe4       0x1c

.data           0x00002000        0x4
 .data          0x00002000        0x4 C:/software/android-ndk-r10d/platforms/android-14/arch-arm/usr/lib/crtbegin_so.o
                0x00002000                __dso_handle

.bss            0x00002004       0x1c
 .bss           0x00002004       0x1c release\s3eKochava_platform.os
